// Jest Snapshot v1, https://goo.gl/fbAQLP

exports[`renders correctly 1`] = `
<div>
  <li
    className="arrow collapsed"
    onClick={[Function]}
    onContextMenu={[Function]}
  >
    <div
      className="tree-node-content tree-node-content-active tree-node-depth-0"
    >
      <a
        onClick={[Function]}
      >
        <span
          className="arrow-straight"
        >
          <span
            className="bp3-icon-standard bp3-icon-chevron-right"
            style={
              Object {
                "visibility": "hidden",
              }
            }
          />
        </span>
      </a>
      <a
        className="tree-node-server tree-node-link tree-node-active"
      >
        <span
          className="tree-node-label"
        />
      </a>
    </div>
    <ul
      style={
        Object {
          "display": "block",
          "margin": 0,
          "padding": 0,
          "width": "100%",
        }
      }
    />
  </li>
</div>
`;
