// Jest Snapshot v1, https://goo.gl/fbAQLP

exports[`renders correctly 1`] = `
<div>
  <ul
    className="pt-menu"
  >
    <div
      className="pt-button-group pt-minimal context-menu-control"
    >
      <button
        className="pt-button pt-icon-trash"
        onKeyDown={[Function]}
        onKeyUp={[Function]}
        small={true}
        type="button"
      />
    </div>
    <li
      className="pt-menu-header"
    >
      <h6>
        box 1
      </h6>
    </li>
    <li
      className="pt-menu-divider"
    />
    <li
      className=""
    >
      <a
        className="pt-menu-item pt-popover-dismiss"
        tabIndex={0}
      >
        Register User
      </a>
    </li>
    <li
      className=""
    >
      <a
        className="pt-menu-item pt-popover-dismiss"
        tabIndex={0}
      >
        Verify User
      </a>
    </li>
  </ul>
</div>
`;
