// Jest Snapshot v1, https://goo.gl/fbAQLP

exports[`renders correctly 1`] = `
<div>
  <div
    className="right-panel"
  >
    <div>
      <div
        className="large-cards-container"
      >
        <div
          className="bp3-card bp3-elevation-0 bp3-elevation-4 form-card"
        >
          <h5 className="bp3-heading">
            Connect to a Server
          </h5>
          <form
            onSubmit={[Function]}
          >
            <button
              className="bp3-button bp3-icon-add bp3-button bp3-intent-primary"
              onKeyDown={[Function]}
              onKeyUp={[Function]}
              type="submit"
            >
              <span>
                Add Server
              </span>
            </button>
          </form>
        </div>
      </div>
    </div>
  </div>
</div>
`;
