// Jest Snapshot v1, https://goo.gl/fbAQLP

exports[`renders correctly 1`] = `
<div>
  <ul
    className="bp3-menu"
  >
    <div
      className="bp3-button-group bp3-minimal context-menu-control"
    >
      <button
        className="bp3-button bp3-icon-trash"
        onKeyDown={[Function]}
        onKeyUp={[Function]}
        small={true}
        type="button"
      />
    </div>
    <li
      className="bp3-menu-header"
    >
      <h6>
        box 1
      </h6>
    </li>
    <li
      className="bp3-menu-divider"
    />
  </ul>
</div>
`;
