// Jest Snapshot v1, https://goo.gl/fbAQLP

exports[`renders correctly 1`] = `
<div
  className="main-container"
>
  <div
    className="left-panel"
  >
    <h4
      className="pt-dark left-panel-title"
    >
      Server Settings
    </h4>
    <div>
      <ul />
      <a
        href="/server-settings/"
        onClick={[Function]}
      >
        <button>
          New Server
        </button>
      </a>
    </div>
  </div>
  <div
    className="right-panel"
  >
    <div
      className="settings-form-container"
    >
      <div
        className="pt-card pt-elevation-0"
        onClick={undefined}
      >
        <h5>
          Connect to a Server
        </h5>
        <form
          onSubmit={[Function]}
        >
          <div
            className="pt-form-group"
          >
            <label
              className="pt-label"
              htmlFor="serversetting-name"
            >
              Server Setting Name
            </label>
            <div
              className="pt-form-content"
            >
              <input
                className="pt-input"
                elemtype="input"
                id="serversetting-name"
                name="serverSettingName"
                onChange={[Function]}
                placeholder="Server/Connection Name"
                required={false}
                style={
                  Object {
                    "width": 300,
                  }
                }
                type="text"
                value=""
              />
              <div
                className="pt-form-helper-text"
              >
                The label that will be used for this server connection setting.
              </div>
            </div>
          </div>
          <div>
            <input
              className="pt-input"
              defaultValue=""
              elemtype="input"
              id="server-id"
              name="serverID"
              onChange={[Function]}
              required={false}
              style={
                Object {
                  "width": 300,
                }
              }
              type="hidden"
            />
          </div>
          <div
            className="pt-form-group"
          >
            <label
              className="pt-label"
              htmlFor="server-name"
            >
              Server Hostname
            </label>
            <div
              className="pt-form-content"
            >
              <input
                className="pt-input"
                elemtype="input"
                id="server-name"
                name="serverName"
                onChange={[Function]}
                placeholder="Server Hostname"
                required={true}
                style={
                  Object {
                    "width": 300,
                  }
                }
                type="text"
                value=""
              />
              <div
                className="pt-form-helper-text"
              >
                A hostname or IP address, example localhost, serial-box.com, or 192.168.5.10.
              </div>
            </div>
          </div>
          <div
            className="pt-form-group"
          >
            <label
              className="pt-label"
              htmlFor="port-number"
            >
              Port Number
            </label>
            <div
              className="pt-form-content"
            >
              <input
                className="pt-input"
                elemtype="input"
                id="port-number"
                max="65000"
                min="1"
                name="port"
                onChange={[Function]}
                placeholder="Port Number"
                required={true}
                style={
                  Object {
                    "width": 300,
                  }
                }
                type="number"
                value=""
              />
              <div
                className="pt-form-helper-text"
              >
                A port to connect to. Example, 80, 8080, 443, ...
              </div>
            </div>
          </div>
          <div
            className="pt-form-group"
          >
            <label
              className="pt-label"
              htmlFor="root-path"
            >
              Root Path
            </label>
            <div
              className="pt-form-content"
            >
              <input
                className="pt-input"
                elemtype="input"
                id="root-path"
                name="path"
                onChange={[Function]}
                placeholder="Root Path"
                required={false}
                style={
                  Object {
                    "width": 300,
                  }
                }
                type="text"
                value=""
              />
              <div
                className="pt-form-helper-text"
              >
                A path required to interact with API (Optional)
              </div>
            </div>
          </div>
          <div
            className="pt-form-group"
          >
            <label
              className="pt-label"
              htmlFor="ssl"
            >
              SSL/TLS
            </label>
            <div
              className="pt-form-content"
            >
              <label
                className="pt-control pt-switch"
                style={undefined}
              >
                <input
                  Label="SSL/TLS"
                  checked={undefined}
                  elemtype="Switch"
                  name="ssl"
                  onChange={[Function]}
                  type="checkbox"
                />
                <span
                  className="pt-control-indicator"
                />
              </label>
              <div
                className="pt-form-helper-text"
              >
                SSL/TLS encryption
              </div>
            </div>
          </div>
          <div
            className="pt-form-group"
          >
            <label
              className="pt-label"
              htmlFor="username"
            >
              Username
            </label>
            <div
              className="pt-form-content"
            >
              <input
                className="pt-input"
                elemtype="input"
                id="username"
                name="username"
                onChange={[Function]}
                placeholder="Username"
                required={true}
                style={
                  Object {
                    "width": 300,
                  }
                }
                type="text"
                value=""
              />
              <div
                className="pt-form-helper-text"
              >
                Basic Auth Username
              </div>
            </div>
          </div>
          <div
            className="pt-form-group"
          >
            <label
              className="pt-label"
              htmlFor="password"
            >
              Password
            </label>
            <div
              className="pt-form-content"
            >
              <input
                className="pt-input"
                elemtype="input"
                id="password"
                name="password"
                onChange={[Function]}
                placeholder="Password"
                required={true}
                style={
                  Object {
                    "width": 300,
                  }
                }
                type="password"
                value=""
              />
              <div
                className="pt-form-helper-text"
              >
                Basic Auth Password
              </div>
            </div>
          </div>
          <button
            className="pt-button pt-icon-add"
            disabled={undefined}
            onClick={undefined}
            onKeyDown={[Function]}
            onKeyUp={[Function]}
            type="submit"
          >
            <span>
              Add Server
            </span>
          </button>
        </form>
      </div>
      <div
        className="pt-card pt-elevation-0"
        onClick={undefined}
      >
        <h5>
          Connection test & Server Info
        </h5>
      </div>
    </div>
  </div>
</div>
`;
