// Jest Snapshot v1, https://goo.gl/fbAQLP

exports[`returns the correct default messages 1`] = `
Object {
  "en-US": Object {
    "plugins": Object {
      "capture": Object {
        "addRule": "Add a New Rule",
        "addRuleParam": "Add a New Rule Parameter",
        "addRuleParameter": "Add Rule Parameter",
        "addStep": "Add a New Step",
        "addStepParam": "Add a New Step Parameter",
        "addTask": "Create a New Task",
        "backToList": "Back to the list",
        "confirmRestart": "Are you sure you want to restart this task?",
        "confirmRestartBody": "Restarting this task will re-execute all of the logic for this rule.",
        "createTask": "Create Task with File",
        "deleteRule": "Delete Rule",
        "deleteRuleConfirm": "Are you sure you want to delete this rule?",
        "deleteStep": "Delete Step",
        "deleteStepConfirm": "Are you sure you want to delete this step?",
        "editRule": "Edit Existing Rule",
        "editRuleParam": "Edit Rule Parameter",
        "editStep": "Edit Step",
        "editStepParam": "Edit Step Parameter",
        "errorFetchRuleParams": "An error occurred while retrieving parameters for this rule. Please check the QU4RTET server for more information.",
        "executeTaskError": "An error occurred while attempting to re-execute this task: {error}",
        "noRuleFound": "No Capture module detected on server",
        "processFileError": "An error occurred while processing this file. Please check the QU4RTET server for more information. {error}",
        "restart": "Restart",
        "ruleParameters": "Rule Parameters",
        "rulesTopNav": "Rules",
        "selectRule": "Select a Rule",
        "stepParameters": "Step Parameters",
        "steps": "Steps",
        "taskCreated": "Task with id {taskID} has been created.",
        "taskDetail": "Task Detail",
        "tasksTopNav": "Tasks",
        "tasksTotal": "{tasksCount} tasks total.",
        "uploadFile": "File Upload",
        "uploadFileTitle": "{ruleName} File Upload",
        "uploadedFile": "File uploaded for rule {ruleName}",
      },
    },
  },
  "fr-FR": Object {
    "plugins": Object {
      "capture": Object {
        "addRule": "Ajouter une nouvelle règle",
        "addRuleParam": "Ajouter un nouveau paramètre de règle",
        "addRuleParameter": "Ajouter un paramètre de règle",
        "addStep": "Ajouter une nouvelle étape",
        "addStepParam": "Ajouter un nouveau paramètre d'étape",
        "addTask": "Créer une nouvelle tâche",
        "createTask": "Créer une tâche avec fichier",
        "deleteRule": "Supprimer une règle",
        "deleteRuleConfirm": "Etes-vous certain de vouloir supprimer cette règle ?",
        "deleteStep": "Supprimer une étape",
        "deleteStepConfirm": "Etes-vous certain de vouloir supprimer cette étape ?",
        "editRule": "Éditer règle",
        "editRuleParam": "Editer un paramètre de règle",
        "editStep": "Éditer étape",
        "editStepParam": "Éditer un paramètre d'étape",
        "errorFetchRuleParams": "Une erreur s'est produite lors de la récupération des paramètres pour cette règle. Veuillez vérifier le serveur QU4RTET pour plus d'informations.",
        "noRuleFound": "Module de capture non détecté sur ce serveur.",
        "processFileError": "Une erreur est survenue lors du traitement de ce fichier. Veuillez vérifier le serveur QU4RTET pour plus d'informations.",
        "restart": "Recommencer",
        "ruleParameters": "Paramètres de règle",
        "rulesTopNav": "Règles",
        "selectRule": "Sélectionner une règle",
        "steps": "Étapes",
        "taskCreated": "Une tâche avec l'ID {taskID} a été créée.",
        "tasksTopNav": "Tâches",
        "tasksTotal": "Total des tâches: {tasksCount}",
        "uploadFile": "Envoi de fichier",
        "uploadFileTitle": "Envoi de fichier {ruleName}",
        "uploadedFile": "Fichier envoyé pour règle {ruleName}",
        "backToList": "Retour à la liste",
      },
    },
  },
}
`;
