// Jest Snapshot v1, https://goo.gl/fbAQLP

exports[`flattens the main messages properly 1`] = `
Object {
  "en-US.app.common.accessDeniedBlurb": "You do not have permissions to perform this action. Please reach out to your system administrator in order to gain access.",
  "en-US.app.common.accessDeniedTitle": "Access Denied",
  "en-US.app.common.backButton": "Back",
  "en-US.app.common.cancelConfirm": "Cancel",
  "en-US.app.common.cancelDelete": "Cancel",
  "en-US.app.common.cancelSubmit": "Cancel",
  "en-US.app.common.clearSelection": "Clear Selection",
  "en-US.app.common.confirm": "Confirm",
  "en-US.app.common.deleteButton": "Delete",
  "en-US.app.common.enterKeywords": "Enter Keywords...",
  "en-US.app.common.entriesTotal": "{entriesCount} Entries Total",
  "en-US.app.common.errorDeletingObject": "An error occurred while attempting to delete this object: {error}",
  "en-US.app.common.mainError": "An error occurred while performing this action. Please check the QU4RTET server for more information. {msg}",
  "en-US.app.common.objectCreatedSuccessfully": "New {objectName} created successfully",
  "en-US.app.common.objectDeletedSuccessfully": "Object deleted successfully",
  "en-US.app.common.objectUpdatedSuccessfully": "Existing {objectName} updated successfully",
  "en-US.app.common.saveSelection": "Save Selection",
  "en-US.app.common.selectedItems": "{count} Items Selected",
  "en-US.app.common.submit": "Submit",
  "en-US.app.common.takeMeBack": "Take me back",
  "en-US.app.dashboard.connectServer": "Connect to a Server",
  "en-US.app.dashboard.dashboardHeader3": "The Open Source Level 4",
  "en-US.app.dashboard.documentation": "{projectName} Module Documentation",
  "en-US.app.dashboard.documentationOnly": "{projectName} Documentation",
  "en-US.app.dashboard.noServerFound": "You currently have no QU4RTET server in your configuration.",
  "en-US.app.dashboard.resourcesDocumentation": "Resources & Documentation",
  "en-US.app.dashboard.servers": "Servers",
  "en-US.app.dashboard.start": "Start",
  "en-US.app.dashboard.version": "Version {appVersion}",
  "en-US.app.nav.dashboard": "Dashboard",
  "en-US.app.nav.numberRange": "Number Ranges",
  "en-US.app.nav.plugins": "Plugins",
  "en-US.app.nav.server": "Server",
  "en-US.app.nav.servers": "Servers",
  "en-US.app.plugins.addPlugin": "Add a Plugin",
  "en-US.app.plugins.errorFetchRemotePlugins": "An error occurred while fetching data from the remote plugin repository: {error}",
  "en-US.app.plugins.pluginDisabled": "Plugin disabled",
  "en-US.app.plugins.pluginEnabled": "Plugin enabled",
  "en-US.app.serverSettings.addAServer": "Add a New Server",
  "en-US.app.serverSettings.serverDeleted": "Server removed successfully",
  "en-US.app.serverSettings.serverSettings": "Server Settings",
  "en-US.app.serverSettings.serverSettingsSaved": "Your server settings were saved",
  "en-US.app.servers.addServer": "Add Server",
  "en-US.app.servers.deleteServer": "Remove Server",
  "en-US.app.servers.deleteServerConfirm": "Are you sure you want to remove this server? No data from this server will be deleted.",
  "en-US.app.servers.errorFormFetch": "An error occurred while attempting to get this form from remote server {serverName}. {error}",
  "en-US.app.servers.errorServerFetch": "An error occurred while requesting initial data from server {serverName}. Please check your settings and credentials. {error}",
  "en-US.app.servers.noServerMsg": "You currently have no QU4RTET server in your configuration. Click the + icon above and add a new server.",
  "en-US.app.servers.registerUser": "Register User",
  "en-US.app.servers.serverDetails": "Server Details",
  "en-US.app.servers.updateServer": "Update Server",
  "en-US.app.servers.userCreated": "User {username} successfully created.",
  "en-US.app.servers.userVerified": "User successfully verified.",
  "en-US.app.servers.verifyUser": "Verify User",
  "en-US.app.themes.contrastedTheme": "Contrasted Theme",
  "en-US.app.themes.darkBrownTheme": "Dark Brown Theme",
  "en-US.app.themes.darkTheme": "Dark Theme",
  "en-US.app.themes.lightTheme": "Light Theme",
  "en-US.app.themes.polarTheme": "Polar Theme",
  "fr-FR.app.common.backButton": "Retour",
  "fr-FR.app.common.cancelConfirm": "Annuler",
  "fr-FR.app.common.cancelDelete": "Annuler",
  "fr-FR.app.common.cancelSubmit": "Annuler",
  "fr-FR.app.common.clearSelection": "Effacer la sélection",
  "fr-FR.app.common.confirm": "Confirmer",
  "fr-FR.app.common.deleteButton": "Supprimer",
  "fr-FR.app.common.enterKeywords": "Entrer un mot-clé...",
  "fr-FR.app.common.entriesTotal": "{entriesCount} objets",
  "fr-FR.app.common.mainError": "Une erreur s'est produite pendant l'execution de cette action. {msg}",
  "fr-FR.app.common.objectCreatedSuccessfully": "{objectName} créé(e) avec succès",
  "fr-FR.app.common.objectUpdatedSuccessfully": "{objectName} actualisé(e) avec succès",
  "fr-FR.app.common.saveSelection": "Enregistrer la sélection",
  "fr-FR.app.common.selectedItems": "{count} objets sélectionnés",
  "fr-FR.app.common.submit": "Soumettre",
  "fr-FR.app.dashboard.connectServer": "Se connecter a un serveur",
  "fr-FR.app.dashboard.dashboardHeader3": "Le logiciel libre de Niveau 4",
  "fr-FR.app.dashboard.documentation": "Documentation du module {projectName}",
  "fr-FR.app.dashboard.documentationOnly": "Documentation de {projectName}",
  "fr-FR.app.dashboard.noServerFound": "Il n'y a aucun serveur QU4RTET dans votre configuration.",
  "fr-FR.app.dashboard.resourcesDocumentation": "Ressources et documentation",
  "fr-FR.app.dashboard.servers": "Serveurs",
  "fr-FR.app.dashboard.start": "Commencer",
  "fr-FR.app.dashboard.version": "Version {appVersion}",
  "fr-FR.app.nav.dashboard": "Tableau de bord",
  "fr-FR.app.nav.numberRange": "Plage de numéros",
  "fr-FR.app.nav.plugins": "Plugins",
  "fr-FR.app.nav.server": "Serveur",
  "fr-FR.app.nav.servers": "Serveurs",
  "fr-FR.app.serverSettings.addAServer": "Ajouter un serveur",
  "fr-FR.app.serverSettings.serverDeleted": "Le serveur a bien été retiré",
  "fr-FR.app.serverSettings.serverSettings": "Paramètres serveur",
  "fr-FR.app.serverSettings.serverSettingsSaved": "Les paramètres de votre serveur ont été enregistrés",
  "fr-FR.app.servers.addServer": "Ajouter le serveur",
  "fr-FR.app.servers.deleteServer": "Retirer le server",
  "fr-FR.app.servers.deleteServerConfirm": "Êtes-vous sûr de vouloir retirer ce serveur? Aucune donnée de ce serveur ne sera supprimée.",
  "fr-FR.app.servers.errorFormFetch": "Une erreur s'est produite lors de la tentative d'obtention de ce formulaire à partir du serveur distant {serverName}. {error}",
  "fr-FR.app.servers.errorServerFetch": "Une erreur s'est produite lors de la demande des données initiales du serveur {serverName}. Veuillez vérifier vos paramètres et vos informations d'identification. {error}",
  "fr-FR.app.servers.noServerMsg": "Aucun serveur disponible dans cette configuration. Veuillez cliquer sur l'icone + au dessus pour ajouter un nouveau serveur.",
  "fr-FR.app.servers.registerUser": "Ajouter un utilisateur",
  "fr-FR.app.servers.updateServer": "Sauvegarder",
  "fr-FR.app.servers.userCreated": "L'utilisateur {username} a été créé avec succès.",
  "fr-FR.app.servers.userVerified": "Compte d'utilisateur confirmé.",
  "fr-FR.app.servers.verifyUser": "Vérifier un utilisateur",
  "fr-FR.app.themes.contrastedTheme": "Thème contrasté",
  "fr-FR.app.themes.darkBrownTheme": "Thème marron sombre",
  "fr-FR.app.themes.darkTheme": "Thème sombre",
  "fr-FR.app.themes.lightTheme": "Thème clair",
  "fr-FR.app.themes.polarTheme": "Thème polaire",
  "fr-FR.plugins.addPlugin": "Ajouter un plugin",
  "fr-FR.plugins.errorFetchRemotePlugins": "Une erreur s'est produite lors de la requete des données plugins: {error}",
  "fr-FR.plugins.pluginDisabled": "Plugin désactivé",
  "fr-FR.plugins.pluginEnabled": "Plugin activé",
}
`;
