// Jest Snapshot v1, https://goo.gl/fbAQLP

exports[`renders correctly 1`] = `
<div>
  <div
    className="right-panel"
  >
    <div>
      <button
        className="pt-button pt-icon-add"
        onClick={[Function]}
        onKeyDown={[Function]}
        onKeyUp={[Function]}
        type="button"
      >
        <span>
          Add a Local Plugin
        </span>
      </button>
      <div
        className="cards-container"
      />
    </div>
  </div>
</div>
`;
