// Jest Snapshot v1, https://goo.gl/fbAQLP

exports[`adds a server when registering a server 1`] = `
Object {
  "authType": "basic",
  "hostname": undefined,
  "path": "",
  "port": 80,
  "protocol": "http",
  "serverID": "random-id",
  "serverSettingName": undefined,
  "ssl": undefined,
  "tokenType": "Token",
  "url": "http://undefined:80/",
  "username": undefined,
}
`;

exports[`can retrieve a server based on server object or serverID 1`] = `
Object {
  "authType": "basic",
  "hostname": undefined,
  "path": "",
  "port": 80,
  "protocol": "http",
  "serverID": "random-id",
  "serverSettingName": undefined,
  "ssl": undefined,
  "tokenType": "Token",
  "url": "http://undefined:80/",
  "username": undefined,
}
`;

exports[`removes a server when triggering removeServer 1`] = `
Object {
  "authType": "basic",
  "hostname": undefined,
  "path": "",
  "port": 80,
  "protocol": "http",
  "serverID": "random-id",
  "serverSettingName": undefined,
  "ssl": undefined,
  "tokenType": "Token",
  "url": "http://undefined:80/",
  "username": undefined,
}
`;
