// Jest Snapshot v1, https://goo.gl/fbAQLP

exports[`renders correctly 1`] = `
<div>
  <a
    href="/"
    onClick={[Function]}
  >
    <button
      className="bp3-button bp3-icon-test bp3-minimal"
      onKeyDown={[Function]}
      onKeyUp={[Function]}
      type="button"
    >
      <span>
        Something here.
      </span>
    </button>
  </a>
</div>
`;
