// Jest Snapshot v1, https://goo.gl/fbAQLP

exports[`renders correctly 1`] = `
<div
  className="tree-wrapper"
>
  <div
    className="leftbar-group"
  >
    <div
      className="pt-button-group pt-minimal"
    >
      <div>
        <span
          className="pt-popover-target pt-dark"
          onClick={[Function]}
        >
          <button
            className="pt-button pt-icon-add"
            onClick={undefined}
            tabIndex={undefined}
            tabindex="0"
          />
        </span>
      </div>
    </div>
  </div>
  <div
    style={
      Object {
        "width": "100%",
      }
    }
  >
    <ul
      className="tree-root"
    >
      <li
        className="arrow collapsed"
        onClick={[Function]}
        onContextMenu={[Function]}
      >
        <div
          className="tree-node-content tree-node-depth-0"
        >
          <a
            className="tree-node-link"
            onClick={[Function]}
          >
            <span
              className="arrow-straight"
            >
              <span
                className="pt-icon-standard pt-icon-chevron-right"
                style={
                  Object {
                    "visibility": "hidden",
                  }
                }
              />
            </span>
          </a>
          <a
            className="tree-node-server tree-node-link"
          >
            <span
              className="tree-node-label"
            >
              Server #1
            </span>
          </a>
        </div>
        <ul
          style={
            Object {
              "display": "block",
              "margin": 0,
              "padding": 0,
              "width": "100%",
            }
          }
        />
      </li>
    </ul>
  </div>
</div>
`;
