// Jest Snapshot v1, https://goo.gl/fbAQLP

exports[`renders correctly 1`] = `
<div>
  <div
    className="pt-select"
  >
    <select
      onChange={[Function]}
      value="dark-brown"
    >
      <option
        value="light"
      >
        
      </option>
      <option
        value="dark"
      >
        
      </option>
      <option
        value="contrasted"
      >
        
      </option>
      <option
        value="dark-brown"
      >
        
      </option>
      <option
        value="polar"
      >
        
      </option>
    </select>
  </div>
</div>
`;
