// Jest Snapshot v1, https://goo.gl/fbAQLP

exports[`returns the correct default messages 1`] = `
Object {
  "en-US": Object {
    "app": Object {
      "common": Object {
        "accessDeniedBlurb": "You do not have permissions to perform this action. Please reach out to your system administrator in order to gain access.",
        "accessDeniedTitle": "Access Denied",
        "areYouSureNavigateAwayBody": "This will discard all changes made to this form.",
        "areYouSureNavigateAwayTitle": "Are you sure you want to leave this form?",
        "backButton": "Back",
        "cancelConfirm": "Cancel",
        "cancelDelete": "Cancel",
        "cancelSubmit": "Cancel",
        "clearSelection": "Clear Selection",
        "confirm": "Confirm",
        "continueEditingForm": "Continue editing form",
        "deleteButton": "Delete",
        "enterKeywords": "Enter Keywords...",
        "entriesTotal": "{entriesCount} Entries Total",
        "errorDeletingObject": "An error occurred while attempting to delete this object: {error}",
        "mainError": "An error occurred while performing this action. Please check the QU4RTET server for more information. {msg}",
        "objectCreatedSuccessfully": "New {objectName} created successfully",
        "objectDeletedSuccessfully": "Object deleted successfully",
        "objectUpdatedSuccessfully": "Existing {objectName} updated successfully",
        "proceedWithoutSubmit": "Proceed without saving changes",
        "saveSelection": "Save Selection",
        "selectedItems": "{count} Items Selected",
        "submit": "Submit",
        "takeMeBack": "Take me back",
      },
      "dashboard": Object {
        "connectServer": "Connect to a Server",
        "dashboardHeader3": "The Open Source Level 4",
        "documentation": "{projectName} Module Documentation",
        "documentationOnly": "{projectName} Documentation",
        "noServerFound": "You currently have no QU4RTET server in your configuration.",
        "resourcesDocumentation": "Resources & Documentation",
        "servers": "Servers",
        "start": "Start",
        "version": "Version {appVersion}",
      },
      "nav": Object {
        "dashboard": "Dashboard",
        "numberRange": "Number Ranges",
        "plugins": "Plugins",
        "server": "Server",
        "servers": "Servers",
      },
      "plugins": Object {
        "addPlugin": "Add a Plugin",
        "errorFetchRemotePlugins": "An error occurred while fetching data from the remote plugin repository: {error}",
        "pluginDisabled": "Plugin disabled",
        "pluginEnabled": "Plugin enabled",
      },
      "serverSettings": Object {
        "addAServer": "Add a New Server",
        "serverDeleted": "Server removed successfully",
        "serverSettings": "Server Settings",
        "serverSettingsSaved": "Your server settings were saved",
      },
      "servers": Object {
        "addServer": "Add Server",
        "deleteServer": "Remove Server",
        "deleteServerConfirm": "Are you sure you want to remove this server? No data from this server will be deleted.",
        "errorFormFetch": "An error occurred while attempting to get this form from remote server {serverName}. {error}",
        "errorServerFetch": "An error occurred while requesting initial data from server {serverName}. Please check your settings and credentials. {error}",
        "noServerMsg": "You currently have no QU4RTET server in your configuration. Click the + icon above and add a new server.",
        "registerUser": "Register User",
        "serverDetails": "Server Details",
        "updateServer": "Update Server",
        "userCreated": "User {username} successfully created.",
        "userVerified": "User successfully verified.",
        "verifyUser": "Verify User",
      },
      "themes": Object {
        "contrastedTheme": "Contrasted Theme",
        "darkBrownTheme": "Dark Brown Theme",
        "darkTheme": "Dark Theme",
        "lightTheme": "Light Theme",
        "polarTheme": "Polar Theme",
      },
    },
    "plugins": Object {},
  },
  "fr-FR": Object {
    "app": Object {
      "common": Object {
        "accessDeniedBlurb": "Vous n'êtes pas autorisé à effectuer cette action. Veuillez contacter votre administrateur système pour accéder.",
        "accessDeniedTitle": "Accès refusé",
        "areYouSureNavigateAwayBody": "Cette action annulera toutes les modifications apportées à ce formulaire.",
        "areYouSureNavigateAwayTitle": "Êtes-vous sûr de vouloir quitter ce formulaire?",
        "backButton": "Retour",
        "cancelConfirm": "Annuler",
        "cancelDelete": "Annuler",
        "cancelSubmit": "Annuler",
        "clearSelection": "Effacer la sélection",
        "confirm": "Confirmer",
        "continueEditingForm": "Continuer a editer le formulaire",
        "deleteButton": "Supprimer",
        "enterKeywords": "Entrer un mot-clé...",
        "entriesTotal": "{entriesCount} objets",
        "mainError": "Une erreur s'est produite pendant l'execution de cette action. {msg}",
        "objectCreatedSuccessfully": "{objectName} créé(e) avec succès",
        "objectUpdatedSuccessfully": "{objectName} actualisé(e) avec succès",
        "proceedWithoutSubmit": "Continuer sans soumettre",
        "saveSelection": "Enregistrer la sélection",
        "selectedItems": "{count} objets sélectionnés",
        "submit": "Soumettre",
        "takeMeBack": "Retourner",
      },
      "dashboard": Object {
        "connectServer": "Se connecter a un serveur",
        "dashboardHeader3": "Le logiciel libre de Niveau 4",
        "documentation": "Documentation du module {projectName}",
        "documentationOnly": "Documentation de {projectName}",
        "noServerFound": "Il n'y a aucun serveur QU4RTET dans votre configuration.",
        "resourcesDocumentation": "Ressources et documentation",
        "servers": "Serveurs",
        "start": "Commencer",
        "version": "Version {appVersion}",
      },
      "nav": Object {
        "dashboard": "Tableau de bord",
        "numberRange": "Plage de numéros",
        "plugins": "Plugins",
        "server": "Serveur",
        "servers": "Serveurs",
      },
      "plugins": Object {
        "addPlugin": "Ajouter un plugin",
        "errorFetchRemotePlugins": "Une erreur s'est produite lors de la requete des données plugins: {error}",
        "pluginDisabled": "Plugin désactivé",
        "pluginEnabled": "Plugin activé",
      },
      "serverSettings": Object {
        "addAServer": "Ajouter un serveur",
        "serverDeleted": "Le serveur a bien été retiré",
        "serverSettings": "Paramètres serveur",
        "serverSettingsSaved": "Les paramètres de votre serveur ont été enregistrés",
      },
      "servers": Object {
        "addServer": "Ajouter le serveur",
        "deleteServer": "Retirer le server",
        "deleteServerConfirm": "Êtes-vous sûr de vouloir retirer ce serveur? Aucune donnée de ce serveur ne sera supprimée.",
        "errorFormFetch": "Une erreur s'est produite lors de la tentative d'obtention de ce formulaire à partir du serveur distant {serverName}. {error}",
        "errorServerFetch": "Une erreur s'est produite lors de la demande des données initiales du serveur {serverName}. Veuillez vérifier vos paramètres et vos informations d'identification. {error}",
        "noServerMsg": "Aucun serveur disponible dans cette configuration. Veuillez cliquer sur l'icone + au dessus pour ajouter un nouveau serveur.",
        "registerUser": "Ajouter un utilisateur",
        "updateServer": "Sauvegarder",
        "userCreated": "L'utilisateur {username} a été créé avec succès.",
        "userVerified": "Compte d'utilisateur confirmé.",
        "verifyUser": "Vérifier un utilisateur",
      },
      "themes": Object {
        "contrastedTheme": "Thème contrasté",
        "darkBrownTheme": "Thème marron sombre",
        "darkTheme": "Thème sombre",
        "lightTheme": "Thème clair",
        "polarTheme": "Thème polaire",
      },
    },
    "plugins": Object {},
  },
}
`;
